convex/admin/queries.ts(12,21): error TS2345: Argument of type '{ partner: { _id: Id<"partnerProfiles">; _creationTime: number; coverImageId?: Id<"_storage"> | undefined; farmSubscriptionExpiry?: number | undefined; stripeCustomerId?: string | undefined; ... 11 more ...; farmSubscriptionActive: boolean; }; user: { ...; } | null; }' is not assignable to parameter of type 'never'.
convex/bio/queries.ts(41,21): error TS2345: Argument of type '{ order: { _id: Id<"bioOrders">; _creationTime: number; totalQuoteKzt?: number | undefined; installedAt?: number | undefined; nextServiceAt?: number | undefined; quantity: number; status: "inquiry" | ... 3 more ... | "serviced"; clientId: Id<...>; productId: Id<...>; installAddress: string; }; product: { ...; } | nu...' is not assignable to parameter of type 'never'.
convex/consumers/queries.ts(60,21): error TS2345: Argument of type '{ userId: Id<"users">; nickname: string; weeklyPoints: number; level: number; levelName: string; }' is not assignable to parameter of type 'never'.
convex/farm/queries.ts(23,21): error TS2345: Argument of type '{ listing: { _id: Id<"farmListings">; _creationTime: number; city: "almaty" | "astana" | "shymkent" | "other"; coords: { lat: number; lng: number; }; partnerId: Id<"partnerProfiles">; ... 5 more ...; temperatureTreated: boolean; }; partner: { ...; } | null; }' is not assignable to parameter of type 'never'.
convex/farm/queries.ts(41,21): error TS2345: Argument of type '{ subscription: { _id: Id<"farmSubscriptions">; _creationTime: number; stripeSubscriptionId?: string | undefined; partnerId: Id<"partnerProfiles">; status: "active" | "cancelled" | "paused"; ... 5 more ...; nextBillingAt: number; }; partner: { ...; } | null; listing: { ...; } | null; }' is not assignable to parameter of type 'never'.
convex/rescue/orders/queries.ts(19,21): error TS2345: Argument of type '{ order: { _id: Id<"boxOrders">; _creationTime: number; paidAt?: number | undefined; pickedUpAt?: number | undefined; kaspiOrderId?: string | undefined; stripePaymentIntentId?: string | undefined; ... 6 more ...; pickupCode: string; }; box: { ...; } | null; partner: { ...; } | null; }' is not assignable to parameter of type 'never'.
convex/rescue/orders/queries.ts(36,21): error TS2345: Argument of type '{ order: { _id: Id<"boxOrders">; _creationTime: number; paidAt?: number | undefined; pickedUpAt?: number | undefined; kaspiOrderId?: string | undefined; stripePaymentIntentId?: string | undefined; ... 6 more ...; pickupCode: string; }; box: { ...; } | null; }' is not assignable to parameter of type 'never'.
convex/rescue/orders/queries.ts(38,39): error TS2339: Property 'order' does not exist on type 'never'.
convex/rescue/orders/queries.ts(38,63): error TS2339: Property 'order' does not exist on type 'never'.
convex/rescue/queries.ts(37,20): error TS2345: Argument of type '{ box: { _id: Id<"surpriseBoxes">; _creationTime: number; estimatedWeightKg?: number | undefined; city: "almaty" | "astana" | "shymkent" | "other"; partnerId: Id<"partnerProfiles">; ... 13 more ...; pickupInstructions: string; }; partner: { ...; }; distanceKm: number | undefined; }' is not assignable to parameter of type 'never'.
convex/rescue/queries.ts(41,33): error TS2339: Property 'distanceKm' does not exist on type 'never'.
convex/rescue/queries.ts(41,55): error TS2339: Property 'distanceKm' does not exist on type 'never'.
convex/rescue/queries.ts(43,32): error TS2339: Property 'box' does not exist on type 'never'.
convex/rescue/queries.ts(43,55): error TS2339: Property 'box' does not exist on type 'never'.
convex/seeds/run.ts(47,27): error TS2345: Argument of type 'Id<"users">' is not assignable to parameter of type 'never'.
convex/seeds/run.ts(62,28): error TS2345: Argument of type 'Id<"partnerProfiles">' is not assignable to parameter of type 'never'.
convex/seeds/run.ts(124,19): error TS2345: Argument of type 'Id<"surpriseBoxes">' is not assignable to parameter of type 'never'.
src/layouts/AdminLayout.tsx(13,15): error TS2322: Type '{ to: string; labelKey: string; }[]' is not assignable to type 'NavItem[]'.
  Property 'icon' is missing in type '{ to: string; labelKey: string; }' but required in type 'NavItem'.
src/pages/admin/BioOrdersPage.tsx(57,26): error TS2339: Property '_id' does not exist on type '{ order: NonNullable<{ _id: Id<"users">; _creationTime: number; displayName?: string | undefined; phone?: string | undefined; role: "consumer" | "partner" | "farmer" | "bio_client" | "admin"; language: "ru" | "kk"; clerkId: string; email: string; createdAt: number; } | ... 15 more ... | null>; product: { ...; } | .....'.
src/pages/admin/BioOrdersPage.tsx(62,26): error TS2339: Property 'productName' does not exist on type '{ order: NonNullable<{ _id: Id<"users">; _creationTime: number; displayName?: string | undefined; phone?: string | undefined; role: "consumer" | "partner" | "farmer" | "bio_client" | "admin"; language: "ru" | "kk"; clerkId: string; email: string; createdAt: number; } | ... 15 more ... | null>; product: { ...; } | .....'.
src/pages/admin/BioOrdersPage.tsx(65,26): error TS2339: Property 'clientName' does not exist on type '{ order: NonNullable<{ _id: Id<"users">; _creationTime: number; displayName?: string | undefined; phone?: string | undefined; role: "consumer" | "partner" | "farmer" | "bio_client" | "admin"; language: "ru" | "kk"; clerkId: string; email: string; createdAt: number; } | ... 15 more ... | null>; product: { ...; } | .....'.
src/pages/admin/BioOrdersPage.tsx(65,43): error TS2339: Property 'installAddress' does not exist on type '{ order: NonNullable<{ _id: Id<"users">; _creationTime: number; displayName?: string | undefined; phone?: string | undefined; role: "consumer" | "partner" | "farmer" | "bio_client" | "admin"; language: "ru" | "kk"; clerkId: string; email: string; createdAt: number; } | ... 15 more ... | null>; product: { ...; } | .....'.
src/pages/admin/BioOrdersPage.tsx(68,32): error TS2339: Property 'status' does not exist on type '{ order: NonNullable<{ _id: Id<"users">; _creationTime: number; displayName?: string | undefined; phone?: string | undefined; role: "consumer" | "partner" | "farmer" | "bio_client" | "admin"; language: "ru" | "kk"; clerkId: string; email: string; createdAt: number; } | ... 15 more ... | null>; product: { ...; } | .....'.
src/pages/admin/BioOrdersPage.tsx(70,41): error TS2339: Property '_id' does not exist on type '{ order: NonNullable<{ _id: Id<"users">; _creationTime: number; displayName?: string | undefined; phone?: string | undefined; role: "consumer" | "partner" | "farmer" | "bio_client" | "admin"; language: "ru" | "kk"; clerkId: string; email: string; createdAt: number; } | ... 15 more ... | null>; product: { ...; } | .....'.
src/pages/admin/BioOrdersPage.tsx(71,51): error TS2339: Property '_id' does not exist on type '{ order: NonNullable<{ _id: Id<"users">; _creationTime: number; displayName?: string | undefined; phone?: string | undefined; role: "consumer" | "partner" | "farmer" | "bio_client" | "admin"; language: "ru" | "kk"; clerkId: string; email: string; createdAt: number; } | ... 15 more ... | null>; product: { ...; } | .....'.
src/pages/admin/BioOrdersPage.tsx(76,50): error TS2339: Property '_id' does not exist on type '{ order: NonNullable<{ _id: Id<"users">; _creationTime: number; displayName?: string | undefined; phone?: string | undefined; role: "consumer" | "partner" | "farmer" | "bio_client" | "admin"; language: "ru" | "kk"; clerkId: string; email: string; createdAt: number; } | ... 15 more ... | null>; product: { ...; } | .....'.
src/pages/admin/ImpactPage.tsx(36,33): error TS2339: Property 'wasteSavedKg' does not exist on type '{ wasteKg: number; co2Kg: number; boxesSold: number; partnerCount: number; }'.
src/pages/admin/ImpactPage.tsx(42,33): error TS2339: Property 'co2SavedKg' does not exist on type '{ wasteKg: number; co2Kg: number; boxesSold: number; partnerCount: number; }'.
src/pages/admin/PartnersPage.tsx(57,32): error TS2339: Property '_id' does not exist on type 'never'.
src/pages/admin/PartnersPage.tsx(58,51): error TS2339: Property 'businessName' does not exist on type 'never'.
src/pages/admin/PartnersPage.tsx(59,51): error TS2339: Property 'city' does not exist on type 'never'.
src/pages/admin/PartnersPage.tsx(64,25): error TS2339: Property 'isVerified' does not exist on type 'never'.
src/pages/admin/PartnersPage.tsx(69,24): error TS2339: Property 'isVerified' does not exist on type 'never'.
src/pages/admin/PartnersPage.tsx(76,25): error TS2339: Property 'isActive' does not exist on type 'never'.
src/pages/admin/PartnersPage.tsx(81,24): error TS2339: Property 'isActive' does not exist on type 'never'.
src/pages/admin/PartnersPage.tsx(86,25): error TS2339: Property 'isVerified' does not exist on type 'never'.
src/pages/admin/PartnersPage.tsx(91,56): error TS2339: Property '_id' does not exist on type 'never'.
src/pages/admin/PartnersPage.tsx(104,55): error TS2339: Property '_id' does not exist on type 'never'.
src/pages/auth/OnboardingPage.tsx(136,12): error TS2322: Type '{ children: Element[]; initial: { opacity: number; y: number; }; animate: { opacity: number; y: number; }; exit: { opacity: number; y: number; }; transition: { duration: number; ease: number[]; }; key: string; }' is not assignable to type 'Omit<HTMLMotionProps<"div">, "ref">'.
  Types of property 'transition' are incompatible.
    Type '{ duration: number; ease: number[]; }' is not assignable to type 'Transition<any> | undefined'.
      Type '{ duration: number; ease: number[]; }' is not assignable to type 'TransitionWithValueOverrides<any>'.
        Type '{ duration: number; ease: number[]; }' is not assignable to type 'ValueAnimationTransition<any>'.
          Types of property 'ease' are incompatible.
            Type 'number[]' is not assignable to type 'Easing | Easing[] | undefined'.
              Type 'number[]' is not assignable to type 'EasingFunction | Easing[]'.
                Type 'number[]' is not assignable to type 'Easing[]'.
                  Type 'number' is not assignable to type 'Easing'.
src/pages/auth/OnboardingPage.tsx(161,12): error TS2322: Type '{ children: (false | Element)[]; className: string; initial: { opacity: number; y: number; }; animate: { opacity: number; y: number; }; exit: { opacity: number; y: number; }; transition: { duration: number; ease: number[]; }; key: string; }' is not assignable to type 'Omit<HTMLMotionProps<"div">, "ref">'.
  Types of property 'transition' are incompatible.
    Type '{ duration: number; ease: number[]; }' is not assignable to type 'Transition<any> | undefined'.
      Type '{ duration: number; ease: number[]; }' is not assignable to type 'TransitionWithValueOverrides<any>'.
        Type '{ duration: number; ease: number[]; }' is not assignable to type 'ValueAnimationTransition<any>'.
          Types of property 'ease' are incompatible.
            Type 'number[]' is not assignable to type 'Easing | Easing[] | undefined'.
              Type 'number[]' is not assignable to type 'EasingFunction | Easing[]'.
                Type 'number[]' is not assignable to type 'Easing[]'.
                  Type 'number' is not assignable to type 'Easing'.
src/pages/auth/OnboardingPage.tsx(286,12): error TS2322: Type '{ children: Element[]; initial: { opacity: number; y: number; }; animate: { opacity: number; y: number; }; exit: { opacity: number; y: number; }; transition: { duration: number; ease: number[]; }; key: string; }' is not assignable to type 'Omit<HTMLMotionProps<"div">, "ref">'.
  Types of property 'transition' are incompatible.
    Type '{ duration: number; ease: number[]; }' is not assignable to type 'Transition<any> | undefined'.
      Type '{ duration: number; ease: number[]; }' is not assignable to type 'TransitionWithValueOverrides<any>'.
        Type '{ duration: number; ease: number[]; }' is not assignable to type 'ValueAnimationTransition<any>'.
          Types of property 'ease' are incompatible.
            Type 'number[]' is not assignable to type 'Easing | Easing[] | undefined'.
              Type 'number[]' is not assignable to type 'EasingFunction | Easing[]'.
                Type 'number[]' is not assignable to type 'Easing[]'.
                  Type 'number' is not assignable to type 'Easing'.
src/pages/auth/OnboardingPage.tsx(296,12): error TS2322: Type '{ children: Element[]; initial: { opacity: number; y: number; }; animate: { opacity: number; y: number; }; exit: { opacity: number; y: number; }; transition: { duration: number; ease: number[]; }; key: string; }' is not assignable to type 'Omit<HTMLMotionProps<"div">, "ref">'.
  Types of property 'transition' are incompatible.
    Type '{ duration: number; ease: number[]; }' is not assignable to type 'Transition<any> | undefined'.
      Type '{ duration: number; ease: number[]; }' is not assignable to type 'TransitionWithValueOverrides<any>'.
        Type '{ duration: number; ease: number[]; }' is not assignable to type 'ValueAnimationTransition<any>'.
          Types of property 'ease' are incompatible.
            Type 'number[]' is not assignable to type 'Easing | Easing[] | undefined'.
              Type 'number[]' is not assignable to type 'EasingFunction | Easing[]'.
                Type 'number[]' is not assignable to type 'Easing[]'.
                  Type 'number' is not assignable to type 'Easing'.
src/pages/bio/MyUnitsPage.tsx(38,44): error TS2339: Property 'order' does not exist on type 'never'.
src/pages/bio/MyUnitsPage.tsx(38,78): error TS2339: Property 'order' does not exist on type 'never'.
src/pages/bio/MyUnitsPage.tsx(39,60): error TS2339: Property 'order' does not exist on type 'never'.
src/pages/bio/MyUnitsPage.tsx(40,47): error TS2339: Property 'order' does not exist on type 'never'.
src/pages/bio/MyUnitsPage.tsx(165,28): error TS2339: Property 'order' does not exist on type 'never'.
src/pages/bio/MyUnitsPage.tsx(174,56): error TS2339: Property 'product' does not exist on type 'never'.
src/pages/bio/MyUnitsPage.tsx(174,77): error TS2339: Property 'product' does not exist on type 'never'.
src/pages/bio/MyUnitsPage.tsx(177,30): error TS2339: Property 'order' does not exist on type 'never'.
src/pages/bio/MyUnitsPage.tsx(181,36): error TS2339: Property 'order' does not exist on type 'never'.
src/pages/bio/MyUnitsPage.tsx(183,29): error TS2339: Property 'order' does not exist on type 'never'.
src/pages/bio/MyUnitsPage.tsx(183,63): error TS2339: Property 'order' does not exist on type 'never'.
src/pages/bio/MyUnitsPage.tsx(185,33): error TS2339: Property 'order' does not exist on type 'never'.
src/pages/bio/MyUnitsPage.tsx(190,28): error TS2339: Property 'order' does not exist on type 'never'.
src/pages/bio/MyUnitsPage.tsx(194,92): error TS2339: Property 'order' does not exist on type 'never'.
src/pages/bio/MyUnitsPage.tsx(195,27): error TS2339: Property 'order' does not exist on type 'never'.
src/pages/bio/MyUnitsPage.tsx(197,49): error TS2339: Property 'order' does not exist on type 'never'.
src/pages/consumer/LeaderboardPage.tsx(52,36): error TS2339: Property 'userId' does not exist on type 'never'.
src/pages/consumer/LeaderboardPage.tsx(64,55): error TS2339: Property 'nickname' does not exist on type 'never'.
src/pages/consumer/LeaderboardPage.tsx(66,26): error TS2339: Property 'levelName' does not exist on type 'never'.
src/pages/consumer/LeaderboardPage.tsx(69,26): error TS2339: Property 'weeklyPoints' does not exist on type 'never'.
src/pages/consumer/OrdersPage.tsx(40,26): error TS2339: Property '_id' does not exist on type 'never'.
src/pages/consumer/OrdersPage.tsx(52,39): error TS2339: Property 'businessNameKaz' does not exist on type 'never'.
src/pages/consumer/OrdersPage.tsx(53,39): error TS2339: Property 'businessName' does not exist on type 'never'.
src/pages/consumer/OrdersPage.tsx(59,35): error TS2339: Property 'titleKaz' does not exist on type 'never'.
src/pages/consumer/OrdersPage.tsx(60,35): error TS2339: Property 'title' does not exist on type 'never'.
src/pages/consumer/OrdersPage.tsx(66,31): error TS2339: Property 'status' does not exist on type 'never'.
src/pages/consumer/OrdersPage.tsx(68,35): error TS2339: Property 'status' does not exist on type 'never'.
src/pages/consumer/OrdersPage.tsx(73,31): error TS2339: Property 'status' does not exist on type 'never'.
src/pages/consumer/OrdersPage.tsx(75,35): error TS2339: Property 'status' does not exist on type 'never'.
src/pages/consumer/OrdersPage.tsx(80,30): error TS2339: Property 'status' does not exist on type 'never'.
src/pages/consumer/OrdersPage.tsx(83,27): error TS2339: Property 'status' does not exist on type 'never'.
src/pages/consumer/OrdersPage.tsx(83,54): error TS2339: Property 'status' does not exist on type 'never'.
src/pages/consumer/OrdersPage.tsx(85,52): error TS2339: Property 'pickupCode' does not exist on type 'never'.
src/pages/consumer/OrdersPage.tsx(90,28): error TS2339: Property 'totalPaid' does not exist on type 'never'.
src/pages/consumer/OrdersPage.tsx(90,54): error TS2339: Property 'quantity' does not exist on type 'never'.
src/pages/consumer/RescuePage.tsx(38,20): error TS2339: Property '_id' does not exist on type 'never'.
src/pages/consumer/RescuePage.tsx(38,31): error TS2339: Property '_id' does not exist on type 'never'.
src/pages/consumer/RescuePage.tsx(39,21): error TS2339: Property 'coords' does not exist on type 'never'.
src/pages/consumer/RescuePage.tsx(40,21): error TS2339: Property 'coords' does not exist on type 'never'.
src/pages/consumer/RescuePage.tsx(41,23): error TS2339: Property 'businessName' does not exist on type 'never'.
src/pages/consumer/RescuePage.tsx(49,28): error TS2339: Property 'title' does not exist on type 'never'.
src/pages/consumer/RescuePage.tsx(49,70): error TS2339: Property 'titleKaz' does not exist on type 'never'.
src/pages/consumer/RescuePage.tsx(50,35): error TS2339: Property 'businessName' does not exist on type 'never'.
src/pages/consumer/RescuePage.tsx(193,32): error TS2339: Property '_id' does not exist on type 'never'.
src/pages/farmer/DashboardPage.tsx(27,5): error TS2345: Argument of type '"skip" | { farmerId: string; }' is not assignable to parameter of type '{ farmerId: Id<"users">; } | "skip"'.
  Type '{ farmerId: string; }' is not assignable to type '{ farmerId: Id<"users">; } | "skip"'.
    Types of property 'farmerId' are incompatible.
      Type 'string' is not assignable to type 'Id<"users">'.
        Type 'string' is not assignable to type '{ __tableName: "users"; }'.
src/pages/farmer/DashboardPage.tsx(43,44): error TS2339: Property 'subscription' does not exist on type 'never'.
src/pages/farmer/DashboardPage.tsx(45,38): error TS2339: Property 'listing' does not exist on type 'never'.
src/pages/farmer/DashboardPage.tsx(175,28): error TS2339: Property 'subscription' does not exist on type 'never'.
src/pages/farmer/DashboardPage.tsx(184,30): error TS2339: Property 'partner' does not exist on type 'never'.
src/pages/farmer/DashboardPage.tsx(188,36): error TS2339: Property 'listing' does not exist on type 'never'.
src/pages/farmer/DashboardPage.tsx(188,72): error TS2339: Property 'listing' does not exist on type 'never'.
src/pages/farmer/DashboardPage.tsx(192,36): error TS2339: Property 'subscription' does not exist on type 'never'.
src/pages/farmer/DashboardPage.tsx(194,29): error TS2339: Property 'subscription' does not exist on type 'never'.
src/pages/farmer/DashboardPage.tsx(199,28): error TS2339: Property 'subscription' does not exist on type 'never'.
src/pages/farmer/DeliveriesPage.tsx(15,5): error TS2345: Argument of type '"skip" | { farmerId: string; }' is not assignable to parameter of type '{ farmerId: Id<"users">; } | "skip"'.
  Type '{ farmerId: string; }' is not assignable to type '{ farmerId: Id<"users">; } | "skip"'.
    Types of property 'farmerId' are incompatible.
      Type 'string' is not assignable to type 'Id<"users">'.
        Type 'string' is not assignable to type '{ __tableName: "users"; }'.
src/pages/farmer/DeliveriesPage.tsx(41,20): error TS2339: Property 'subscription' does not exist on type 'never'.
src/pages/farmer/DeliveriesPage.tsx(50,24): error TS2339: Property 'partner' does not exist on type 'never'.
src/pages/farmer/DeliveriesPage.tsx(55,25): error TS2339: Property 'subscription' does not exist on type 'never'.
src/pages/farmer/DeliveriesPage.tsx(60,24): error TS2339: Property 'subscription' does not exist on type 'never'.
src/pages/farmer/DeliveriesPage.tsx(65,31): error TS2339: Property 'subscription' does not exist on type 'never'.
src/pages/farmer/DeliveriesPage.tsx(68,28): error TS2339: Property 'subscription' does not exist on type 'never'.
src/pages/farmer/ExplorePage.tsx(54,30): error TS2339: Property '_id' does not exist on type 'never'.
src/pages/farmer/ExplorePage.tsx(64,37): error TS2339: Property 'businessNameKaz' does not exist on type 'never'.
src/pages/farmer/ExplorePage.tsx(65,37): error TS2339: Property 'businessName' does not exist on type 'never'.
src/pages/farmer/ExplorePage.tsx(69,32): error TS2339: Property 'wasteType' does not exist on type 'never'.
src/pages/farmer/ExplorePage.tsx(76,32): error TS2339: Property 'estimatedWeightKg' does not exist on type 'never'.
src/pages/farmer/ExplorePage.tsx(77,32): error TS2339: Property 'availableDays' does not exist on type 'never'.
src/pages/farmer/ExplorePage.tsx(83,56): error TS2339: Property '_id' does not exist on type 'never'.
src/pages/farmer/SubscriptionsPage.tsx(17,5): error TS2345: Argument of type '"skip" | { farmerId: string; }' is not assignable to parameter of type '{ farmerId: Id<"users">; } | "skip"'.
  Type '{ farmerId: string; }' is not assignable to type '{ farmerId: Id<"users">; } | "skip"'.
    Types of property 'farmerId' are incompatible.
      Type 'string' is not assignable to type 'Id<"users">'.
        Type 'string' is not assignable to type '{ __tableName: "users"; }'.
src/pages/farmer/SubscriptionsPage.tsx(44,20): error TS2339: Property 'subscription' does not exist on type 'never'.
src/pages/farmer/SubscriptionsPage.tsx(54,26): error TS2339: Property 'partner' does not exist on type 'never'.
src/pages/farmer/SubscriptionsPage.tsx(57,26): error TS2339: Property 'listing' does not exist on type 'never'.
src/pages/farmer/SubscriptionsPage.tsx(58,26): error TS2339: Property 'listing' does not exist on type 'never'.
src/pages/farmer/SubscriptionsPage.tsx(64,25): error TS2339: Property 'subscription' does not exist on type 'never'.
src/pages/farmer/SubscriptionsPage.tsx(69,24): error TS2339: Property 'subscription' does not exist on type 'never'.
src/pages/farmer/SubscriptionsPage.tsx(74,31): error TS2339: Property 'subscription' does not exist on type 'never'.
src/pages/farmer/SubscriptionsPage.tsx(76,20): error TS2339: Property 'subscription' does not exist on type 'never'.
src/pages/farmer/SubscriptionsPage.tsx(82,50): error TS2339: Property 'subscription' does not exist on type 'never'.
src/pages/partner/DashboardPage.tsx(191,32): error TS2367: This comparison appears to be unintentional because the types '"pending" | "paid" | "picked_up" | "cancelled"' and '"completed"' have no overlap.
src/pages/partner/DashboardPage.tsx(193,25): error TS2367: This comparison appears to be unintentional because the types '"pending" | "paid" | "picked_up" | "cancelled"' and '"completed"' have no overlap.
src/pages/partner/OrdersPage.tsx(43,24): error TS2339: Property '_id' does not exist on type 'never'.
src/pages/partner/OrdersPage.tsx(51,48): error TS2339: Property 'pickupCode' does not exist on type 'never'.
src/pages/partner/OrdersPage.tsx(55,29): error TS2339: Property 'status' does not exist on type 'never'.
src/pages/partner/OrdersPage.tsx(57,33): error TS2339: Property 'status' does not exist on type 'never'.
src/pages/partner/OrdersPage.tsx(62,28): error TS2339: Property 'status' does not exist on type 'never'.
src/pages/partner/OrdersPage.tsx(66,25): error TS2339: Property 'title' does not exist on type 'never'.
src/pages/partner/OrdersPage.tsx(66,41): error TS2339: Property 'totalPaid' does not exist on type 'never'.
src/pages/partner/OrdersPage.tsx(66,67): error TS2339: Property 'quantity' does not exist on type 'never'.
src/pages/partner/OrdersPage.tsx(68,24): error TS2339: Property 'status' does not exist on type 'never'.
src/pages/partner/OrdersPage.tsx(74,40): error TS2339: Property '_id' does not exist on type 'never'.
src/pages/partner/OrdersPage.tsx(75,43): error TS2339: Property 'pickupCode' does not exist on type 'never'.
